Archive member included to satisfy reference by file (symbol)

c:/st/stm32cubeide_1.6.0/stm32cubeide/plugins/com.st.stm32cube.ide.mcu.externaltools.gnu-tools-for-stm32.9-2020-q2-update.win32_1.5.0.202011040924/tools/bin/../lib/gcc/arm-none-eabi/9.3.1/../../../../arm-none-eabi/lib/thumb/v7-m/nofp\libc_nano.a(lib_a-errno.o)
                              Core/Src/syscalls.o (__errno)
c:/st/stm32cubeide_1.6.0/stm32cubeide/plugins/com.st.stm32cube.ide.mcu.externaltools.gnu-tools-for-stm32.9-2020-q2-update.win32_1.5.0.202011040924/tools/bin/../lib/gcc/arm-none-eabi/9.3.1/../../../../arm-none-eabi/lib/thumb/v7-m/nofp\libc_nano.a(lib_a-exit.o)
                              c:/st/stm32cubeide_1.6.0/stm32cubeide/plugins/com.st.stm32cube.ide.mcu.externaltools.gnu-tools-for-stm32.9-2020-q2-update.win32_1.5.0.202011040924/tools/bin/../lib/gcc/arm-none-eabi/9.3.1/../../../../arm-none-eabi/lib/thumb/v7-m/nofp/crt0.o (exit)
c:/st/stm32cubeide_1.6.0/stm32cubeide/plugins/com.st.stm32cube.ide.mcu.externaltools.gnu-tools-for-stm32.9-2020-q2-update.win32_1.5.0.202011040924/tools/bin/../lib/gcc/arm-none-eabi/9.3.1/../../../../arm-none-eabi/lib/thumb/v7-m/nofp\libc_nano.a(lib_a-impure.o)
                              c:/st/stm32cubeide_1.6.0/stm32cubeide/plugins/com.st.stm32cube.ide.mcu.externaltools.gnu-tools-for-stm32.9-2020-q2-update.win32_1.5.0.202011040924/tools/bin/../lib/gcc/arm-none-eabi/9.3.1/../../../../arm-none-eabi/lib/thumb/v7-m/nofp\libc_nano.a(lib_a-exit.o) (_global_impure_ptr)
c:/st/stm32cubeide_1.6.0/stm32cubeide/plugins/com.st.stm32cube.ide.mcu.externaltools.gnu-tools-for-stm32.9-2020-q2-update.win32_1.5.0.202011040924/tools/bin/../lib/gcc/arm-none-eabi/9.3.1/../../../../arm-none-eabi/lib/thumb/v7-m/nofp\libc_nano.a(lib_a-init.o)
                              c:/st/stm32cubeide_1.6.0/stm32cubeide/plugins/com.st.stm32cube.ide.mcu.externaltools.gnu-tools-for-stm32.9-2020-q2-update.win32_1.5.0.202011040924/tools/bin/../lib/gcc/arm-none-eabi/9.3.1/../../../../arm-none-eabi/lib/thumb/v7-m/nofp/crt0.o (__libc_init_array)
c:/st/stm32cubeide_1.6.0/stm32cubeide/plugins/com.st.stm32cube.ide.mcu.externaltools.gnu-tools-for-stm32.9-2020-q2-update.win32_1.5.0.202011040924/tools/bin/../lib/gcc/arm-none-eabi/9.3.1/../../../../arm-none-eabi/lib/thumb/v7-m/nofp\libc_nano.a(lib_a-memset.o)
                              c:/st/stm32cubeide_1.6.0/stm32cubeide/plugins/com.st.stm32cube.ide.mcu.externaltools.gnu-tools-for-stm32.9-2020-q2-update.win32_1.5.0.202011040924/tools/bin/../lib/gcc/arm-none-eabi/9.3.1/../../../../arm-none-eabi/lib/thumb/v7-m/nofp/crt0.o (memset)
c:/st/stm32cubeide_1.6.0/stm32cubeide/plugins/com.st.stm32cube.ide.mcu.externaltools.gnu-tools-for-stm32.9-2020-q2-update.win32_1.5.0.202011040924/tools/bin/../lib/gcc/arm-none-eabi/9.3.1/thumb/v7-m/nofp\libgcc.a(_arm_mulsf3.o)
                              Core/Src/main.o (__aeabi_fmul)
c:/st/stm32cubeide_1.6.0/stm32cubeide/plugins/com.st.stm32cube.ide.mcu.externaltools.gnu-tools-for-stm32.9-2020-q2-update.win32_1.5.0.202011040924/tools/bin/../lib/gcc/arm-none-eabi/9.3.1/thumb/v7-m/nofp\libgcc.a(_arm_addsubsf3.o)
                              Core/Src/main.o (__aeabi_i2f)
c:/st/stm32cubeide_1.6.0/stm32cubeide/plugins/com.st.stm32cube.ide.mcu.externaltools.gnu-tools-for-stm32.9-2020-q2-update.win32_1.5.0.202011040924/tools/bin/../lib/gcc/arm-none-eabi/9.3.1/thumb/v7-m/nofp\libgcc.a(_arm_muldivsf3.o)
                              Core/Src/main.o (__aeabi_fdiv)
c:/st/stm32cubeide_1.6.0/stm32cubeide/plugins/com.st.stm32cube.ide.mcu.externaltools.gnu-tools-for-stm32.9-2020-q2-update.win32_1.5.0.202011040924/tools/bin/../lib/gcc/arm-none-eabi/9.3.1/thumb/v7-m/nofp\libgcc.a(_arm_fixunssfsi.o)
                              Core/Src/main.o (__aeabi_f2uiz)
c:/st/stm32cubeide_1.6.0/stm32cubeide/plugins/com.st.stm32cube.ide.mcu.externaltools.gnu-tools-for-stm32.9-2020-q2-update.win32_1.5.0.202011040924/tools/bin/../lib/gcc/arm-none-eabi/9.3.1/thumb/v7-m/nofp\libgcc.a(_aeabi_uldivmod.o)
                              Drivers/STM32F2xx_HAL_Driver/Src/stm32f2xx_hal_rcc.o (__aeabi_uldivmod)
c:/st/stm32cubeide_1.6.0/stm32cubeide/plugins/com.st.stm32cube.ide.mcu.externaltools.gnu-tools-for-stm32.9-2020-q2-update.win32_1.5.0.202011040924/tools/bin/../lib/gcc/arm-none-eabi/9.3.1/thumb/v7-m/nofp\libgcc.a(_udivmoddi4.o)
                              c:/st/stm32cubeide_1.6.0/stm32cubeide/plugins/com.st.stm32cube.ide.mcu.externaltools.gnu-tools-for-stm32.9-2020-q2-update.win32_1.5.0.202011040924/tools/bin/../lib/gcc/arm-none-eabi/9.3.1/thumb/v7-m/nofp\libgcc.a(_aeabi_uldivmod.o) (__udivmoddi4)
c:/st/stm32cubeide_1.6.0/stm32cubeide/plugins/com.st.stm32cube.ide.mcu.externaltools.gnu-tools-for-stm32.9-2020-q2-update.win32_1.5.0.202011040924/tools/bin/../lib/gcc/arm-none-eabi/9.3.1/thumb/v7-m/nofp\libgcc.a(_dvmd_tls.o)
[...]
Memory Configuration

Name             Origin             Length             Attributes
RAM              0x0000000020000000 0x0000000000020000 xrw
FLASH            0x0000000008000000 0x0000000000100000 xr
*default*        0x0000000000000000 0xffffffffffffffff

Linker script and memory map

LOAD c:/st/stm32cubeide_1.6.0/stm32cubeide/plugins/com.st.stm32cube.ide.mcu.externaltools.gnu-tools-for-stm32.9-2020-q2-update.win32_1.5.0.202011040924/tools/bin/../lib/gcc/arm-none-eabi/9.3.1/thumb/v7-m/nofp/crti.o
LOAD c:/st/stm32cubeide_1.6.0/stm32cubeide/plugins/com.st.stm32cube.ide.mcu.externaltools.gnu-tools-for-stm32.9-2020-q2-update.win32_1.5.0.202011040924/tools/bin/../lib/gcc/arm-none-eabi/9.3.1/thumb/v7-m/nofp/crtbegin.o
LOAD c:/st/stm32cubeide_1.6.0/stm32cubeide/plugins/com.st.stm32cube.ide.mcu.externaltools.gnu-tools-for-stm32.9-2020-q2-update.win32_1.5.0.202011040924/tools/bin/../lib/gcc/arm-none-eabi/9.3.1/../../../../arm-none-eabi/lib/thumb/v7-m/nofp/crt0.o
LOAD Core/Src/can.o
LOAD Core/Src/gpio.o
LOAD Core/Src/main.o
LOAD Core/Src/nmea2000.o
LOAD Core/Src/stm32f2xx_hal_msp.o
LOAD Core/Src/stm32f2xx_it.o
LOAD Core/Src/syscalls.o
LOAD Core/Src/sysmem.o
LOAD Core/Src/system_stm32f2xx.o
LOAD Core/Src/usart.o
LOAD Core/Startup/startup_stm32f207zgtx.o
LOAD Drivers/STM32F2xx_HAL_Driver/Src/stm32f2xx_hal.o
LOAD Drivers/STM32F2xx_HAL_Driver/Src/stm32f2xx_hal_can.o
LOAD Drivers/STM32F2xx_HAL_Driver/Src/stm32f2xx_hal_cortex.o
LOAD Drivers/STM32F2xx_HAL_Driver/Src/stm32f2xx_hal_dma.o
LOAD Drivers/STM32F2xx_HAL_Driver/Src/stm32f2xx_hal_dma_ex.o
LOAD Drivers/STM32F2xx_HAL_Driver/Src/stm32f2xx_hal_exti.o
LOAD Drivers/STM32F2xx_HAL_Driver/Src/stm32f2xx_hal_flash.o
LOAD Drivers/STM32F2xx_HAL_Driver/Src/stm32f2xx_hal_flash_ex.o
LOAD Drivers/STM32F2xx_HAL_Driver/Src/stm32f2xx_hal_gpio.o
LOAD Drivers/STM32F2xx_HAL_Driver/Src/stm32f2xx_hal_pwr.o
LOAD Drivers/STM32F2xx_HAL_Driver/Src/stm32f2xx_hal_pwr_ex.o
LOAD Drivers/STM32F2xx_HAL_Driver/Src/stm32f2xx_hal_rcc.o
LOAD Drivers/STM32F2xx_HAL_Driver/Src/stm32f2xx_hal_rcc_ex.o
LOAD Drivers/STM32F2xx_HAL_Driver/Src/stm32f2xx_hal_tim.o
LOAD Drivers/STM32F2xx_HAL_Driver/Src/stm32f2xx_hal_tim_ex.o
LOAD Drivers/STM32F2xx_HAL_Driver/Src/stm32f2xx_hal_uart.o
START GROUP
LOAD c:/st/stm32cubeide_1.6.0/stm32cubeide/plugins/com.st.stm32cube.ide.mcu.externaltools.gnu-tools-for-stm32.9-2020-q2-update.win32_1.5.0.202011040924/tools/bin/../lib/gcc/arm-none-eabi/9.3.1/../../../../arm-none-eabi/lib/thumb/v7-m/nofp\libc_nano.a
LOAD c:/st/stm32cubeide_1.6.0/stm32cubeide/plugins/com.st.stm32cube.ide.mcu.externaltools.gnu-tools-for-stm32.9-2020-q2-update.win32_1.5.0.202011040924/tools/bin/../lib/gcc/arm-none-eabi/9.3.1/../../../../arm-none-eabi/lib/thumb/v7-m/nofp\libm.a
END GROUP
START GROUP
LOAD c:/st/stm32cubeide_1.6.0/stm32cubeide/plugins/com.st.stm32cube.ide.mcu.externaltools.gnu-tools-for-stm32.9-2020-q2-update.win32_1.5.0.202011040924/tools/bin/../lib/gcc/arm-none-eabi/9.3.1/thumb/v7-m/nofp\libgcc.a
LOAD c:/st/stm32cubeide_1.6.0/stm32cubeide/plugins/com.st.stm32cube.ide.mcu.externaltools.gnu-tools-for-stm32.9-2020-q2-update.win32_1.5.0.202011040924/tools/bin/../lib/gcc/arm-none-eabi/9.3.1/../../../../arm-none-eabi/lib/thumb/v7-m/nofp\libc_nano.a
END GROUP
START GROUP
LOAD c:/st/stm32cubeide_1.6.0/stm32cubeide/plugins/com.st.stm32cube.ide.mcu.externaltools.gnu-tools-for-stm32.9-2020-q2-update.win32_1.5.0.202011040924/tools/bin/../lib/gcc/arm-none-eabi/9.3.1/thumb/v7-m/nofp\libgcc.a
LOAD c:/st/stm32cubeide_1.6.0/stm32cubeide/plugins/com.st.stm32cube.ide.mcu.externaltools.gnu-tools-for-stm32.9-2020-q2-update.win32_1.5.0.202011040924/tools/bin/../lib/gcc/arm-none-eabi/9.3.1/../../../../arm-none-eabi/lib/thumb/v7-m/nofp\libc_nano.a
LOAD c:/st/stm32cubeide_1.6.0/stm32cubeide/plugins/com.st.stm32cube.ide.mcu.externaltools.gnu-tools-for-stm32.9-2020-q2-update.win32_1.5.0.202011040924/tools/bin/../lib/gcc/arm-none-eabi/9.3.1/../../../../arm-none-eabi/lib/thumb/v7-m/nofp\libnosys.a
END GROUP
START GROUP
LOAD c:/st/stm32cubeide_1.6.0/stm32cubeide/plugins/com.st.stm32cube.ide.mcu.externaltools.gnu-tools-for-stm32.9-2020-q2-update.win32_1.5.0.202011040924/tools/bin/../lib/gcc/arm-none-eabi/9.3.1/thumb/v7-m/nofp\libgcc.a
LOAD c:/st/stm32cubeide_1.6.0/stm32cubeide/plugins/com.st.stm32cube.ide.mcu.externaltools.gnu-tools-for-stm32.9-2020-q2-update.win32_1.5.0.202011040924/tools/bin/../lib/gcc/arm-none-eabi/9.3.1/../../../../arm-none-eabi/lib/thumb/v7-m/nofp\libc_nano.a
LOAD c:/st/stm32cubeide_1.6.0/stm32cubeide/plugins/com.st.stm32cube.ide.mcu.externaltools.gnu-tools-for-stm32.9-2020-q2-update.win32_1.5.0.202011040924/tools/bin/../lib/gcc/arm-none-eabi/9.3.1/../../../../arm-none-eabi/lib/thumb/v7-m/nofp\libnosys.a
END GROUP
LOAD c:/st/stm32cubeide_1.6.0/stm32cubeide/plugins/com.st.stm32cube.ide.mcu.externaltools.gnu-tools-for-stm32.9-2020-q2-update.win32_1.5.0.202011040924/tools/bin/../lib/gcc/arm-none-eabi/9.3.1/thumb/v7-m/nofp/crtend.o
LOAD c:/st/stm32cubeide_1.6.0/stm32cubeide/plugins/com.st.stm32cube.ide.mcu.externaltools.gnu-tools-for-stm32.9-2020-q2-update.win32_1.5.0.202011040924/tools/bin/../lib/gcc/arm-none-eabi/9.3.1/thumb/v7-m/nofp/crtn.o
                0x0000000020020000                _estack = (ORIGIN (RAM) + LENGTH (RAM))
                0x0000000000000200                _Min_Heap_Size = 0x200
                0x0000000000000400                _Min_Stack_Size = 0x400

.isr_vector     0x0000000008000000      0x184
                0x0000000008000000                . = ALIGN (0x4)
 *(.isr_vector)
 .isr_vector    0x0000000008000000      0x184 Core/Startup/startup_stm32f207zgtx.o
                0x0000000008000000                g_pfnVectors
                0x0000000008000184                . = ALIGN (0x4)

.text           0x0000000008000184     0x2f80
                0x0000000008000184                . = ALIGN (0x4)
 *(.text)
 .text          0x0000000008000184       0x40 c:/st/stm32cubeide_1.6.0/stm32cubeide/plugins/com.st.stm32cube.ide.mcu.externaltools.gnu-tools-for-stm32.9-2020-q2-update.win32_1.5.0.202011040924/tools/bin/../lib/gcc/arm-none-eabi/9.3.1/thumb/v7-m/nofp/crtbegin.o
 .text          0x00000000080001c4      0x21c c:/st/stm32cubeide_1.6.0/stm32cubeide/plugins/com.st.stm32cube.ide.mcu.externaltools.gnu-tools-for-stm32.9-2020-q2-update.win32_1.5.0.202011040924/tools/bin/../lib/gcc/arm-none-eabi/9.3.1/thumb/v7-m/nofp\libgcc.a(_arm_addsubsf3.o)
                0x00000000080001c4                __aeabi_frsub
                0x00000000080001cc                __subsf3
                0x00000000080001cc                __aeabi_fsub
                0x00000000080001d0                __aeabi_fadd
                0x00000000080001d0                __addsf3
                0x0000000008000330                __aeabi_ui2f
                0x0000000008000330                __floatunsisf
                0x0000000008000338                __aeabi_i2f
                0x0000000008000338                __floatsisf
                0x0000000008000354                __aeabi_ul2f
                0x0000000008000354                __floatundisf
                0x0000000008000364                __aeabi_l2f
                0x0000000008000364                __floatdisf
 .text          0x00000000080003e0      0x2a0 c:/st/stm32cubeide_1.6.0/stm32cubeide/plugins/com.st.stm32cube.ide.mcu.externaltools.gnu-tools-for-stm32.9-2020-q2-update.win32_1.5.0.202011040924/tools/bin/../lib/gcc/arm-none-eabi/9.3.1/thumb/v7-m/nofp\libgcc.a(_arm_muldivsf3.o)
                0x00000000080003e0                __mulsf3
                0x00000000080003e0                __aeabi_fmul
                0x0000000008000548                __aeabi_fdiv
                0x0000000008000548                __divsf3
 .text          0x0000000008000680       0x40 c:/st/stm32cubeide_1.6.0/stm32cubeide/plugins/com.st.stm32cube.ide.mcu.externaltools.gnu-tools-for-stm32.9-2020-q2-update.win32_1.5.0.202011040924/tools/bin/../lib/gcc/arm-none-eabi/9.3.1/thumb/v7-m/nofp\libgcc.a(_arm_fixunssfsi.o)
                0x0000000008000680                __fixunssfsi
                0x0000000008000680                __aeabi_f2uiz
 .text          0x00000000080006c0       0x30 c:/st/stm32cubeide_1.6.0/stm32cubeide/plugins/com.st.stm32cube.ide.mcu.externaltools.gnu-tools-for-stm32.9-2020-q2-update.win32_1.5.0.202011040924/tools/bin/../lib/gcc/arm-none-eabi/9.3.1/thumb/v7-m/nofp\libgcc.a(_aeabi_uldivmod.o)
                0x00000000080006c0                __aeabi_uldivmod
 .text          0x00000000080006f0      0x2c4 c:/st/stm32cubeide_1.6.0/stm32cubeide/plugins/com.st.stm32cube.ide.mcu.externaltools.gnu-tools-for-stm32.9-2020-q2-update.win32_1.5.0.202011040924/tools/bin/../lib/gcc/arm-none-eabi/9.3.1/thumb/v7-m/nofp\libgcc.a(_udivmoddi4.o)
                0x00000000080006f0                __udivmoddi4
 .text          0x00000000080009b4        0x4 c:/st/stm32cubeide_1.6.0/stm32cubeide/plugins/com.st.stm32cube.ide.mcu.externaltools.gnu-tools-for-stm32.9-2020-q2-update.win32_1.5.0.202011040924/tools/bin/../lib/gcc/arm-none-eabi/9.3.1/thumb/v7-m/nofp\libgcc.a(_dvmd_tls.o)
                0x00000000080009b4                __aeabi_idiv0
                0x00000000080009b4                __aeabi_ldiv0
 *(.text*)
 .text.MX_CAN1_Init
                0x00000000080009b8       0x6c Core/Src/can.o
                0x00000000080009b8                MX_CAN1_Init
 .text.HAL_CAN_MspInit
                0x0000000008000a24       0xa0 Core/Src/can.o
                0x0000000008000a24                HAL_CAN_MspInit
 .text.CAN_Start
                0x0000000008000ac4       0x1c Core/Src/can.o
                0x0000000008000ac4                CAN_Start
 .text.CAN_ActivateNotification
                0x0000000008000ae0       0x20 Core/Src/can.o
                0x0000000008000ae0                CAN_ActivateNotification
 .text.CAN_Filter_Config
                0x0000000008000b00       0x68 Core/Src/can.o
                0x0000000008000b00                CAN_Filter_Config
 .text.CAN_NMEA2000_Tx_Header_Config
                0x0000000008000b68       0x60 Core/Src/can.o
                0x0000000008000b68                CAN_NMEA2000_Tx_Header_Config
 .text.CAN_Transmit_Msg
                0x0000000008000bc8       0x38 Core/Src/can.o
                0x0000000008000bc8                CAN_Transmit_Msg
 .text.CAN_Receive_Msg
                0x0000000008000c00       0x34 Core/Src/can.o
                0x0000000008000c00                CAN_Receive_Msg
 .text.MX_GPIO_Init
                0x0000000008000c34      0x220 Core/Src/gpio.o
                0x0000000008000c34                MX_GPIO_Init
 .text.main     0x0000000008000e54       0x2e Core/Src/main.o
                0x0000000008000e54                main
 .text.SystemClock_Config
                0x0000000008000e82       0x8e Core/Src/main.o
                0x0000000008000e82                SystemClock_Config
 .text.HAL_CAN_RxFifo0MsgPendingCallback
                0x0000000008000f10       0xfc Core/Src/main.o
                0x0000000008000f10                HAL_CAN_RxFifo0MsgPendingCallback
 .text.Error_Handler
                0x000000000800100c        0xa Core/Src/main.o
                0x000000000800100c                Error_Handler
 *fill*         0x0000000008001016        0x2 
 .text.HAL_MspInit
                0x0000000008001018       0x4c Core/Src/stm32f2xx_hal_msp.o
                0x0000000008001018                HAL_MspInit
 .text.NMI_Handler
                0x0000000008001064        0x6 Core/Src/stm32f2xx_it.o
                0x0000000008001064                NMI_Handler
 .text.HardFault_Handler
                0x000000000800106a        0x6 Core/Src/stm32f2xx_it.o
                0x000000000800106a                HardFault_Handler
 .text.MemManage_Handler
                0x0000000008001070        0x6 Core/Src/stm32f2xx_it.o
                0x0000000008001070                MemManage_Handler
 .text.BusFault_Handler
                0x0000000008001076        0x6 Core/Src/stm32f2xx_it.o
                0x0000000008001076                BusFault_Handler
 .text.UsageFault_Handler
                0x000000000800107c        0x6 Core/Src/stm32f2xx_it.o
                0x000000000800107c                UsageFault_Handler
 .text.SVC_Handler
                0x0000000008001082        0xc Core/Src/stm32f2xx_it.o
                0x0000000008001082                SVC_Handler
 .text.DebugMon_Handler
                0x000000000800108e        0xc Core/Src/stm32f2xx_it.o
                0x000000000800108e                DebugMon_Handler
 .text.PendSV_Handler
                0x000000000800109a        0xc Core/Src/stm32f2xx_it.o
                0x000000000800109a                PendSV_Handler
 .text.SysTick_Handler
                0x00000000080010a6        0xc Core/Src/stm32f2xx_it.o
                0x00000000080010a6                SysTick_Handler
 *fill*         0x00000000080010b2        0x2 
 .text.CAN1_RX0_IRQHandler
                0x00000000080010b4       0x14 Core/Src/stm32f2xx_it.o
                0x00000000080010b4                CAN1_RX0_IRQHandler
 .text.SystemInit
                0x00000000080010c8        0xc Core/Src/system_stm32f2xx.o
                0x00000000080010c8                SystemInit
 .text.MX_USART3_UART_Init
                0x00000000080010d4       0x54 Core/Src/usart.o
                0x00000000080010d4                MX_USART3_UART_Init
 .text.HAL_UART_MspInit
                0x0000000008001128       0x90 Core/Src/usart.o
                0x0000000008001128                HAL_UART_MspInit
 .text.Reset_Handler
                0x00000000080011b8       0x50 Core/Startup/startup_stm32f207zgtx.o
                0x00000000080011b8                Reset_Handler
 .text.Default_Handler
                0x0000000008001208        0x2 Core/Startup/startup_stm32f207zgtx.o
                0x0000000008001208                RTC_Alarm_IRQHandler
                0x0000000008001208                HASH_RNG_IRQHandler
                0x0000000008001208                EXTI2_IRQHandler
                0x0000000008001208                TIM8_CC_IRQHandler
                0x0000000008001208                TIM1_CC_IRQHandler
                0x0000000008001208                DMA2_Stream5_IRQHandler
                0x0000000008001208                DMA1_Stream5_IRQHandler
                0x0000000008001208                PVD_IRQHandler
                0x0000000008001208                SDIO_IRQHandler
                0x0000000008001208                TAMP_STAMP_IRQHandler
                0x0000000008001208                CAN2_RX1_IRQHandler
                0x0000000008001208                EXTI3_IRQHandler
                0x0000000008001208                TIM8_TRG_COM_TIM14_IRQHandler
                0x0000000008001208                TIM1_UP_TIM10_IRQHandler
                0x0000000008001208                TIM8_UP_TIM13_IRQHandler
                0x0000000008001208                I2C3_ER_IRQHandler
                0x0000000008001208                EXTI0_IRQHandler
                0x0000000008001208                I2C2_EV_IRQHandler
                0x0000000008001208                DMA1_Stream2_IRQHandler
                0x0000000008001208                OTG_HS_WKUP_IRQHandler
                0x0000000008001208                CAN2_SCE_IRQHandler
                0x0000000008001208                DMA2_Stream2_IRQHandler
                0x0000000008001208                SPI1_IRQHandler
                0x0000000008001208                TIM6_DAC_IRQHandler
                0x0000000008001208                TIM1_BRK_TIM9_IRQHandler
                0x0000000008001208                DCMI_IRQHandler
                0x0000000008001208                CAN2_RX0_IRQHandler
                0x0000000008001208                DMA2_Stream3_IRQHandler
                0x0000000008001208                USART6_IRQHandler
                0x0000000008001208                USART3_IRQHandler
                0x0000000008001208                CAN1_RX1_IRQHandler
                0x0000000008001208                UART5_IRQHandler
                0x0000000008001208                DMA2_Stream0_IRQHandler
                0x0000000008001208                TIM4_IRQHandler
                0x0000000008001208                I2C1_EV_IRQHandler
                0x0000000008001208                DMA1_Stream6_IRQHandler
                0x0000000008001208                DMA1_Stream1_IRQHandler
                0x0000000008001208                UART4_IRQHandler
                0x0000000008001208                TIM3_IRQHandler
                0x0000000008001208                RCC_IRQHandler
                0x0000000008001208                TIM8_BRK_TIM12_IRQHandler
                0x0000000008001208                Default_Handler
                0x0000000008001208                EXTI15_10_IRQHandler
                0x0000000008001208                ADC_IRQHandler
                0x0000000008001208                DMA1_Stream7_IRQHandler
                0x0000000008001208                TIM7_IRQHandler
                0x0000000008001208                CAN2_TX_IRQHandler
                0x0000000008001208                TIM5_IRQHandler
                0x0000000008001208                DMA2_Stream7_IRQHandler
                0x0000000008001208                I2C3_EV_IRQHandler
                0x0000000008001208                EXTI9_5_IRQHandler
                0x0000000008001208                RTC_WKUP_IRQHandler
                0x0000000008001208                ETH_WKUP_IRQHandler
                0x0000000008001208                SPI2_IRQHandler
                0x0000000008001208                OTG_HS_EP1_IN_IRQHandler
                0x0000000008001208                DMA1_Stream0_IRQHandler
                0x0000000008001208                CAN1_TX_IRQHandler
                0x0000000008001208                EXTI4_IRQHandler
                0x0000000008001208                FSMC_IRQHandler
                0x0000000008001208                ETH_IRQHandler
                0x0000000008001208                OTG_HS_EP1_OUT_IRQHandler
                0x0000000008001208                WWDG_IRQHandler
                0x0000000008001208                TIM2_IRQHandler
                0x0000000008001208                OTG_FS_WKUP_IRQHandler
                0x0000000008001208                TIM1_TRG_COM_TIM11_IRQHandler
                0x0000000008001208                OTG_HS_IRQHandler
                0x0000000008001208                EXTI1_IRQHandler
                0x0000000008001208                USART2_IRQHandler
                0x0000000008001208                I2C2_ER_IRQHandler
                0x0000000008001208                DMA2_Stream1_IRQHandler
                0x0000000008001208                CAN1_SCE_IRQHandler
                0x0000000008001208                FLASH_IRQHandler
                0x0000000008001208                DMA2_Stream4_IRQHandler
                0x0000000008001208                USART1_IRQHandler
                0x0000000008001208                OTG_FS_IRQHandler
                0x0000000008001208                SPI3_IRQHandler
                0x0000000008001208                DMA1_Stream4_IRQHandler
                0x0000000008001208                I2C1_ER_IRQHandler
                0x0000000008001208                DMA2_Stream6_IRQHandler
                0x0000000008001208                DMA1_Stream3_IRQHandler
 *fill*         0x000000000800120a        0x2 
 .text.HAL_Init
                0x000000000800120c       0x44 Drivers/STM32F2xx_HAL_Driver/Src/stm32f2xx_hal.o
                0x000000000800120c                HAL_Init
 .text.HAL_InitTick
                0x0000000008001250       0x60 Drivers/STM32F2xx_HAL_Driver/Src/stm32f2xx_hal.o
                0x0000000008001250                HAL_InitTick
 .text.HAL_IncTick
                0x00000000080012b0       0x24 Drivers/STM32F2xx_HAL_Driver/Src/stm32f2xx_hal.o
                0x00000000080012b0                HAL_IncTick
 .text.HAL_GetTick
                0x00000000080012d4       0x14 Drivers/STM32F2xx_HAL_Driver/Src/stm32f2xx_hal.o
                0x00000000080012d4                HAL_GetTick
 .text.HAL_CAN_Init
                0x00000000080012e8      0x1f6 Drivers/STM32F2xx_HAL_Driver/Src/stm32f2xx_hal_can.o
                0x00000000080012e8                HAL_CAN_Init
 *fill*         0x00000000080014de        0x2 
 .text.HAL_CAN_ConfigFilter
                0x00000000080014e0      0x1c0 Drivers/STM32F2xx_HAL_Driver/Src/stm32f2xx_hal_can.o
                0x00000000080014e0                HAL_CAN_ConfigFilter
 .text.HAL_CAN_Start
                0x00000000080016a0       0x88 Drivers/STM32F2xx_HAL_Driver/Src/stm32f2xx_hal_can.o
                0x00000000080016a0                HAL_CAN_Start
 .text.HAL_CAN_AddTxMessage
                0x0000000008001728      0x1b4 Drivers/STM32F2xx_HAL_Driver/Src/stm32f2xx_hal_can.o
                0x0000000008001728                HAL_CAN_AddTxMessage
 .text.HAL_CAN_GetRxMessage
                0x00000000080018dc      0x222 Drivers/STM32F2xx_HAL_Driver/Src/stm32f2xx_hal_can.o
                0x00000000080018dc                HAL_CAN_GetRxMessage
 .text.HAL_CAN_ActivateNotification
                0x0000000008001afe       0x4a Drivers/STM32F2xx_HAL_Driver/Src/stm32f2xx_hal_can.o
                0x0000000008001afe                HAL_CAN_ActivateNotification
 .text.HAL_CAN_IRQHandler
                0x0000000008001b48      0x36e Drivers/STM32F2xx_HAL_Driver/Src/stm32f2xx_hal_can.o
                0x0000000008001b48                HAL_CAN_IRQHandler
 .text.HAL_CAN_TxMailbox0CompleteCallback
                0x0000000008001eb6       0x12 Drivers/STM32F2xx_HAL_Driver/Src/stm32f2xx_hal_can.o
                0x0000000008001eb6                HAL_CAN_TxMailbox0CompleteCallback
 .text.HAL_CAN_TxMailbox1CompleteCallback
                0x0000000008001ec8       0x12 Drivers/STM32F2xx_HAL_Driver/Src/stm32f2xx_hal_can.o
                0x0000000008001ec8                HAL_CAN_TxMailbox1CompleteCallback
 .text.HAL_CAN_TxMailbox2CompleteCallback
                0x0000000008001eda       0x12 Drivers/STM32F2xx_HAL_Driver/Src/stm32f2xx_hal_can.o
                0x0000000008001eda                HAL_CAN_TxMailbox2CompleteCallback
 .text.HAL_CAN_TxMailbox0AbortCallback
                0x0000000008001eec       0x12 Drivers/STM32F2xx_HAL_Driver/Src/stm32f2xx_hal_can.o
                0x0000000008001eec                HAL_CAN_TxMailbox0AbortCallback
 .text.HAL_CAN_TxMailbox1AbortCallback
                0x0000000008001efe       0x12 Drivers/STM32F2xx_HAL_Driver/Src/stm32f2xx_hal_can.o
                0x0000000008001efe                HAL_CAN_TxMailbox1AbortCallback
 .text.HAL_CAN_TxMailbox2AbortCallback
                0x0000000008001f10       0x12 Drivers/STM32F2xx_HAL_Driver/Src/stm32f2xx_hal_can.o
                0x0000000008001f10                HAL_CAN_TxMailbox2AbortCallback
 .text.HAL_CAN_RxFifo0FullCallback
                0x0000000008001f22       0x12 Drivers/STM32F2xx_HAL_Driver/Src/stm32f2xx_hal_can.o
                0x0000000008001f22                HAL_CAN_RxFifo0FullCallback
 .text.HAL_CAN_RxFifo1MsgPendingCallback
                0x0000000008001f34       0x12 Drivers/STM32F2xx_HAL_Driver/Src/stm32f2xx_hal_can.o
                0x0000000008001f34                HAL_CAN_RxFifo1MsgPendingCallback
 .text.HAL_CAN_RxFifo1FullCallback
                0x0000000008001f46       0x12 Drivers/STM32F2xx_HAL_Driver/Src/stm32f2xx_hal_can.o
                0x0000000008001f46                HAL_CAN_RxFifo1FullCallback
 .text.HAL_CAN_SleepCallback
                0x0000000008001f58       0x12 Drivers/STM32F2xx_HAL_Driver/Src/stm32f2xx_hal_can.o
                0x0000000008001f58                HAL_CAN_SleepCallback
 .text.HAL_CAN_WakeUpFromRxMsgCallback
                0x0000000008001f6a       0x12 Drivers/STM32F2xx_HAL_Driver/Src/stm32f2xx_hal_can.o
                0x0000000008001f6a                HAL_CAN_WakeUpFromRxMsgCallback
 .text.HAL_CAN_ErrorCallback
                0x0000000008001f7c       0x12 Drivers/STM32F2xx_HAL_Driver/Src/stm32f2xx_hal_can.o
                0x0000000008001f7c                HAL_CAN_ErrorCallback
 *fill*         0x0000000008001f8e        0x2 
 .text.__NVIC_SetPriorityGrouping
                0x0000000008001f90       0x48 Drivers/STM32F2xx_HAL_Driver/Src/stm32f2xx_hal_cortex.o
 .text.__NVIC_GetPriorityGrouping
                0x0000000008001fd8       0x1c Drivers/STM32F2xx_HAL_Driver/Src/stm32f2xx_hal_cortex.o
 .text.__NVIC_EnableIRQ
                0x0000000008001ff4       0x38 Drivers/STM32F2xx_HAL_Driver/Src/stm32f2xx_hal_cortex.o
 .text.__NVIC_SetPriority
                0x000000000800202c       0x54 Drivers/STM32F2xx_HAL_Driver/Src/stm32f2xx_hal_cortex.o
 .text.NVIC_EncodePriority
                0x0000000008002080       0x64 Drivers/STM32F2xx_HAL_Driver/Src/stm32f2xx_hal_cortex.o
 .text.SysTick_Config
                0x00000000080020e4       0x44 Drivers/STM32F2xx_HAL_Driver/Src/stm32f2xx_hal_cortex.o
 .text.HAL_NVIC_SetPriorityGrouping
                0x0000000008002128       0x16 Drivers/STM32F2xx_HAL_Driver/Src/stm32f2xx_hal_cortex.o
                0x0000000008002128                HAL_NVIC_SetPriorityGrouping
 .text.HAL_NVIC_SetPriority
                0x000000000800213e       0x38 Drivers/STM32F2xx_HAL_Driver/Src/stm32f2xx_hal_cortex.o
                0x000000000800213e                HAL_NVIC_SetPriority
 .text.HAL_NVIC_EnableIRQ
                0x0000000008002176       0x1c Drivers/STM32F2xx_HAL_Driver/Src/stm32f2xx_hal_cortex.o
                0x0000000008002176                HAL_NVIC_EnableIRQ
 .text.HAL_SYSTICK_Config
                0x0000000008002192       0x18 Drivers/STM32F2xx_HAL_Driver/Src/stm32f2xx_hal_cortex.o
                0x0000000008002192                HAL_SYSTICK_Config
 *fill*         0x00000000080021aa        0x2 
 .text.HAL_GPIO_Init
                0x00000000080021ac      0x33c Drivers/STM32F2xx_HAL_Driver/Src/stm32f2xx_hal_gpio.o
                0x00000000080021ac                HAL_GPIO_Init
 .text.HAL_GPIO_WritePin
                0x00000000080024e8       0x30 Drivers/STM32F2xx_HAL_Driver/Src/stm32f2xx_hal_gpio.o
                0x00000000080024e8                HAL_GPIO_WritePin
 .text.HAL_GPIO_TogglePin
                0x0000000008002518       0x32 Drivers/STM32F2xx_HAL_Driver/Src/stm32f2xx_hal_gpio.o
                0x0000000008002518                HAL_GPIO_TogglePin
 *fill*         0x000000000800254a        0x2 
 .text.HAL_RCC_OscConfig
                0x000000000800254c      0x4a0 Drivers/STM32F2xx_HAL_Driver/Src/stm32f2xx_hal_rcc.o
                0x000000000800254c                HAL_RCC_OscConfig
 .text.HAL_RCC_ClockConfig
                0x00000000080029ec      0x1d8 Drivers/STM32F2xx_HAL_Driver/Src/stm32f2xx_hal_rcc.o
                0x00000000080029ec                HAL_RCC_ClockConfig
 .text.HAL_RCC_GetSysClockFreq
                0x0000000008002bc4      0x1c4 Drivers/STM32F2xx_HAL_Driver/Src/stm32f2xx_hal_rcc.o
                0x0000000008002bc4                HAL_RCC_GetSysClockFreq
 .text.HAL_RCC_GetHCLKFreq
                0x0000000008002d88       0x14 Drivers/STM32F2xx_HAL_Driver/Src/stm32f2xx_hal_rcc.o
                0x0000000008002d88                HAL_RCC_GetHCLKFreq
 .text.HAL_RCC_GetPCLK1Freq
                0x0000000008002d9c       0x44 Drivers/STM32F2xx_HAL_Driver/Src/stm32f2xx_hal_rcc.o
                0x0000000008002d9c                HAL_RCC_GetPCLK1Freq
 .text.HAL_RCC_GetPCLK2Freq
                0x0000000008002de0       0x44 Drivers/STM32F2xx_HAL_Driver/Src/stm32f2xx_hal_rcc.o
                0x0000000008002de0                HAL_RCC_GetPCLK2Freq
 .text.HAL_UART_Init
                0x0000000008002e24       0x9a Drivers/STM32F2xx_HAL_Driver/Src/stm32f2xx_hal_uart.o
                0x0000000008002e24                HAL_UART_Init
 *fill*         0x0000000008002ebe        0x2 
 .text.UART_SetConfig
                0x0000000008002ec0      0x1d4 Drivers/STM32F2xx_HAL_Driver/Src/stm32f2xx_hal_uart.o
 .text.__libc_init_array
                0x0000000008003094       0x48 c:/st/stm32cubeide_1.6.0/stm32cubeide/plugins/com.st.stm32cube.ide.mcu.externaltools.gnu-tools-for-stm32.9-2020-q2-update.win32_1.5.0.202011040924/tools/bin/../lib/gcc/arm-none-eabi/9.3.1/../../../../arm-none-eabi/lib/thumb/v7-m/nofp\libc_nano.a(lib_a-init.o)
                0x0000000008003094                __libc_init_array
 .text.memset   0x00000000080030dc       0x10 c:/st/stm32cubeide_1.6.0/stm32cubeide/plugins/com.st.stm32cube.ide.mcu.externaltools.gnu-tools-for-stm32.9-2020-q2-update.win32_1.5.0.202011040924/tools/bin/../lib/gcc/arm-none-eabi/9.3.1/../../../../arm-none-eabi/lib/thumb/v7-m/nofp\libc_nano.a(lib_a-memset.o)
                0x00000000080030dc                memset
 *(.glue_7)
 .glue_7        0x00000000080030ec        0x0 linker stubs
 *(.glue_7t)
 .glue_7t       0x00000000080030ec        0x0 linker stubs
 *(.eh_frame)
 .eh_frame      0x00000000080030ec        0x0 c:/st/stm32cubeide_1.6.0/stm32cubeide/plugins/com.st.stm32cube.ide.mcu.externaltools.gnu-tools-for-stm32.9-2020-q2-update.win32_1.5.0.202011040924/tools/bin/../lib/gcc/arm-none-eabi/9.3.1/thumb/v7-m/nofp/crtbegin.o
 *(.init)
 .init          0x00000000080030ec        0x4 c:/st/stm32cubeide_1.6.0/stm32cubeide/plugins/com.st.stm32cube.ide.mcu.externaltools.gnu-tools-for-stm32.9-2020-q2-update.win32_1.5.0.202011040924/tools/bin/../lib/gcc/arm-none-eabi/9.3.1/thumb/v7-m/nofp/crti.o
                0x00000000080030ec                _init
 .init          0x00000000080030f0        0x8 c:/st/stm32cubeide_1.6.0/stm32cubeide/plugins/com.st.stm32cube.ide.mcu.externaltools.gnu-tools-for-stm32.9-2020-q2-update.win32_1.5.0.202011040924/tools/bin/../lib/gcc/arm-none-eabi/9.3.1/thumb/v7-m/nofp/crtn.o
 *(.fini)
 .fini          0x00000000080030f8        0x4 c:/st/stm32cubeide_1.6.0/stm32cubeide/plugins/com.st.stm32cube.ide.mcu.externaltools.gnu-tools-for-stm32.9-2020-q2-update.win32_1.5.0.202011040924/tools/bin/../lib/gcc/arm-none-eabi/9.3.1/thumb/v7-m/nofp/crti.o
                0x00000000080030f8                _fini
 .fini          0x00000000080030fc        0x8 c:/st/stm32cubeide_1.6.0/stm32cubeide/plugins/com.st.stm32cube.ide.mcu.externaltools.gnu-tools-for-stm32.9-2020-q2-update.win32_1.5.0.202011040924/tools/bin/../lib/gcc/arm-none-eabi/9.3.1/thumb/v7-m/nofp/crtn.o
                0x0000000008003104                . = ALIGN (0x4)
                0x0000000008003104                _etext = .

.vfp11_veneer   0x0000000008003104        0x0
 .vfp11_veneer  0x0000000008003104        0x0 linker stubs

.v4_bx          0x0000000008003104        0x0
 .v4_bx         0x0000000008003104        0x0 linker stubs

.iplt           0x0000000008003104        0x0
 .iplt          0x0000000008003104        0x0 c:/st/stm32cubeide_1.6.0/stm32cubeide/plugins/com.st.stm32cube.ide.mcu.externaltools.gnu-tools-for-stm32.9-2020-q2-update.win32_1.5.0.202011040924/tools/bin/../lib/gcc/arm-none-eabi/9.3.1/thumb/v7-m/nofp/crtbegin.o

.rodata         0x0000000008003104       0x18
                0x0000000008003104                . = ALIGN (0x4)
 *(.rodata)
 *(.rodata*)
 .rodata.AHBPrescTable
                0x0000000008003104       0x10 Core/Src/system_stm32f2xx.o
                0x0000000008003104                AHBPrescTable
 .rodata.APBPrescTable
                0x0000000008003114        0x8 Core/Src/system_stm32f2xx.o
                0x0000000008003114                APBPrescTable
                0x000000000800311c                . = ALIGN (0x4)

.ARM.extab      0x000000000800311c        0x0
                0x000000000800311c                . = ALIGN (0x4)
 *(.ARM.extab* .gnu.linkonce.armextab.*)
                0x000000000800311c                . = ALIGN (0x4)

.ARM            0x000000000800311c        0x8
                0x000000000800311c                . = ALIGN (0x4)
                0x000000000800311c                __exidx_start = .
 *(.ARM.exidx*)
 .ARM.exidx     0x000000000800311c        0x8 c:/st/stm32cubeide_1.6.0/stm32cubeide/plugins/com.st.stm32cube.ide.mcu.externaltools.gnu-tools-for-stm32.9-2020-q2-update.win32_1.5.0.202011040924/tools/bin/../lib/gcc/arm-none-eabi/9.3.1/thumb/v7-m/nofp\libgcc.a(_udivmoddi4.o)
                0x0000000008003124                __exidx_end = .
                0x0000000008003124                . = ALIGN (0x4)

.rel.dyn        0x0000000008003124        0x0
 .rel.iplt      0x0000000008003124        0x0 c:/st/stm32cubeide_1.6.0/stm32cubeide/plugins/com.st.stm32cube.ide.mcu.externaltools.gnu-tools-for-stm32.9-2020-q2-update.win32_1.5.0.202011040924/tools/bin/../lib/gcc/arm-none-eabi/9.3.1/thumb/v7-m/nofp/crtbegin.o

.preinit_array  0x0000000008003124        0x0
                0x0000000008003124                . = ALIGN (0x4)
                0x0000000008003124                PROVIDE (__preinit_array_start = .)
 *(.preinit_array*)
                0x0000000008003124                PROVIDE (__preinit_array_end = .)
                0x0000000008003124                . = ALIGN (0x4)

.init_array     0x0000000008003124        0x4
                0x0000000008003124                . = ALIGN (0x4)
                0x0000000008003124                PROVIDE (__init_array_start = .)
 *(SORT_BY_NAME(.init_array.*))
 *(.init_array*)
 .init_array    0x0000000008003124        0x4 c:/st/stm32cubeide_1.6.0/stm32cubeide/plugins/com.st.stm32cube.ide.mcu.externaltools.gnu-tools-for-stm32.9-2020-q2-update.win32_1.5.0.202011040924/tools/bin/../lib/gcc/arm-none-eabi/9.3.1/thumb/v7-m/nofp/crtbegin.o
                0x0000000008003128                PROVIDE (__init_array_end = .)
                0x0000000008003128                . = ALIGN (0x4)

.fini_array     0x0000000008003128        0x4
                0x0000000008003128                . = ALIGN (0x4)
                [!provide]                        PROVIDE (__fini_array_start = .)
 *(SORT_BY_NAME(.fini_array.*))
 *(.fini_array*)
 .fini_array    0x0000000008003128        0x4 c:/st/stm32cubeide_1.6.0/stm32cubeide/plugins/com.st.stm32cube.ide.mcu.externaltools.gnu-tools-for-stm32.9-2020-q2-update.win32_1.5.0.202011040924/tools/bin/../lib/gcc/arm-none-eabi/9.3.1/thumb/v7-m/nofp/crtbegin.o
                [!provide]                        PROVIDE (__fini_array_end = .)
                0x000000000800312c                . = ALIGN (0x4)
                0x000000000800312c                _sidata = LOADADDR (.data)

.data           0x0000000020000000        0xc load address 0x000000000800312c
                0x0000000020000000                . = ALIGN (0x4)
                0x0000000020000000                _sdata = .
 *(.data)
 *(.data*)
 .data.SystemCoreClock
                0x0000000020000000        0x4 Core/Src/system_stm32f2xx.o
                0x0000000020000000                SystemCoreClock
 .data.uwTickPrio
                0x0000000020000004        0x4 Drivers/STM32F2xx_HAL_Driver/Src/stm32f2xx_hal.o
                0x0000000020000004                uwTickPrio
 .data.uwTickFreq
                0x0000000020000008        0x1 Drivers/STM32F2xx_HAL_Driver/Src/stm32f2xx_hal.o
                0x0000000020000008                uwTickFreq
 *(.RamFunc)
 *(.RamFunc*)
                0x000000002000000c                . = ALIGN (0x4)
 *fill*         0x0000000020000009        0x3 
                0x000000002000000c                _edata = .

.igot.plt       0x000000002000000c        0x0 load address 0x0000000008003138
 .igot.plt      0x000000002000000c        0x0 c:/st/stm32cubeide_1.6.0/stm32cubeide/plugins/com.st.stm32cube.ide.mcu.externaltools.gnu-tools-for-stm32.9-2020-q2-update.win32_1.5.0.202011040924/tools/bin/../lib/gcc/arm-none-eabi/9.3.1/thumb/v7-m/nofp/crtbegin.o
                0x000000002000000c                . = ALIGN (0x4)

.bss            0x000000002000000c      0x104 load address 0x0000000008003138
                0x000000002000000c                _sbss = .
                0x000000002000000c                __bss_start__ = _sbss
 *(.bss)
 .bss           0x000000002000000c       0x1c c:/st/stm32cubeide_1.6.0/stm32cubeide/plugins/com.st.stm32cube.ide.mcu.externaltools.gnu-tools-for-stm32.9-2020-q2-update.win32_1.5.0.202011040924/tools/bin/../lib/gcc/arm-none-eabi/9.3.1/thumb/v7-m/nofp/crtbegin.o
 *(.bss*)
 *(COMMON)
 COMMON         0x0000000020000028       0x84 Core/Src/can.o
                0x0000000020000028                CAN_Filter_Cfg
                0x0000000020000050                hcan1
                0x0000000020000078                TxHeader
                0x0000000020000090                RxHeader
 COMMON         0x00000000200000ac       0x1c Core/Src/main.o
                0x00000000200000ac                voltage
                0x00000000200000b0                current
                0x00000000200000b4                rpm
                0x00000000200000b8                TxData
                0x00000000200000c0                RxData
 COMMON         0x00000000200000c8       0x44 Core/Src/usart.o
                0x00000000200000c8                huart3
 COMMON         0x000000002000010c        0x4 Drivers/STM32F2xx_HAL_Driver/Src/stm32f2xx_hal.o
                0x000000002000010c                uwTick
                0x0000000020000110                . = ALIGN (0x4)
                0x0000000020000110                _ebss = .
                0x0000000020000110                __bss_end__ = _ebss

._user_heap_stack
                0x0000000020000110      0x600 load address 0x0000000008003138
                0x0000000020000110                . = ALIGN (0x8)
                [!provide]                        PROVIDE (end = .)
                0x0000000020000110                PROVIDE (_end = .)
                0x0000000020000310                . = (. + _Min_Heap_Size)
 *fill*         0x0000000020000110      0x200 
                0x0000000020000710                . = (. + _Min_Stack_Size)
 *fill*         0x0000000020000310      0x400 
                0x0000000020000710                . = ALIGN (0x8)

/DISCARD/
 libc.a(*)
 libm.a(*)
 libgcc.a(*)

.ARM.attributes
                0x0000000000000000       0x29
 *(.ARM.attributes)
 .ARM.attributes
                0x0000000000000000       0x1d c:/st/stm32cubeide_1.6.0/stm32cubeide/plugins/com.st.stm32cube.ide.mcu.externaltools.gnu-tools-for-stm32.9-2020-q2-update.win32_1.5.0.202011040924/tools/bin/../lib/gcc/arm-none-eabi/9.3.1/thumb/v7-m/nofp/crti.o
 .ARM.attributes
                0x000000000000001d       0x2d c:/st/stm32cubeide_1.6.0/stm32cubeide/plugins/com.st.stm32cube.ide.mcu.externaltools.gnu-tools-for-stm32.9-2020-q2-update.win32_1.5.0.202011040924/tools/bin/../lib/gcc/arm-none-eabi/9.3.1/thumb/v7-m/nofp/crtbegin.o
 .ARM.attributes
                0x000000000000004a       0x2d Core/Src/can.o
 .ARM.attributes
                0x0000000000000077       0x2d Core/Src/gpio.o
 .ARM.attributes
                0x00000000000000a4       0x2d Core/Src/main.o
 .ARM.attributes
                0x00000000000000d1       0x2d Core/Src/stm32f2xx_hal_msp.o
 .ARM.attributes
                0x00000000000000fe       0x2d Core/Src/stm32f2xx_it.o
 .ARM.attributes
                0x000000000000012b       0x2d Core/Src/system_stm32f2xx.o
 .ARM.attributes
                0x0000000000000158       0x2d Core/Src/usart.o
 .ARM.attributes
                0x0000000000000185       0x21 Core/Startup/startup_stm32f207zgtx.o
 .ARM.attributes
                0x00000000000001a6       0x2d Drivers/STM32F2xx_HAL_Driver/Src/stm32f2xx_hal.o
 .ARM.attributes
                0x00000000000001d3       0x2d Drivers/STM32F2xx_HAL_Driver/Src/stm32f2xx_hal_can.o
 .ARM.attributes
                0x0000000000000200       0x2d Drivers/STM32F2xx_HAL_Driver/Src/stm32f2xx_hal_cortex.o
 .ARM.attributes
                0x000000000000022d       0x2d Drivers/STM32F2xx_HAL_Driver/Src/stm32f2xx_hal_gpio.o
 .ARM.attributes
                0x000000000000025a       0x2d Drivers/STM32F2xx_HAL_Driver/Src/stm32f2xx_hal_rcc.o
 .ARM.attributes
                0x0000000000000287       0x2d Drivers/STM32F2xx_HAL_Driver/Src/stm32f2xx_hal_uart.o
 .ARM.attributes
                0x00000000000002b4       0x2d c:/st/stm32cubeide_1.6.0/stm32cubeide/plugins/com.st.stm32cube.ide.mcu.externaltools.gnu-tools-for-stm32.9-2020-q2-update.win32_1.5.0.202011040924/tools/bin/../lib/gcc/arm-none-eabi/9.3.1/../../../../arm-none-eabi/lib/thumb/v7-m/nofp\libc_nano.a(lib_a-init.o)
 .ARM.attributes
                0x00000000000002e1       0x2d c:/st/stm32cubeide_1.6.0/stm32cubeide/plugins/com.st.stm32cube.ide.mcu.externaltools.gnu-tools-for-stm32.9-2020-q2-update.win32_1.5.0.202011040924/tools/bin/../lib/gcc/arm-none-eabi/9.3.1/../../../../arm-none-eabi/lib/thumb/v7-m/nofp\libc_nano.a(lib_a-memset.o)
 .ARM.attributes
                0x000000000000030e       0x1d c:/st/stm32cubeide_1.6.0/stm32cubeide/plugins/com.st.stm32cube.ide.mcu.externaltools.gnu-tools-for-stm32.9-2020-q2-update.win32_1.5.0.202011040924/tools/bin/../lib/gcc/arm-none-eabi/9.3.1/thumb/v7-m/nofp\libgcc.a(_arm_addsubsf3.o)
 .ARM.attributes
                0x000000000000032b       0x1d c:/st/stm32cubeide_1.6.0/stm32cubeide/plugins/com.st.stm32cube.ide.mcu.externaltools.gnu-tools-for-stm32.9-2020-q2-update.win32_1.5.0.202011040924/tools/bin/../lib/gcc/arm-none-eabi/9.3.1/thumb/v7-m/nofp\libgcc.a(_arm_muldivsf3.o)
 .ARM.attributes
                0x0000000000000348       0x1d c:/st/stm32cubeide_1.6.0/stm32cubeide/plugins/com.st.stm32cube.ide.mcu.externaltools.gnu-tools-for-stm32.9-2020-q2-update.win32_1.5.0.202011040924/tools/bin/../lib/gcc/arm-none-eabi/9.3.1/thumb/v7-m/nofp\libgcc.a(_arm_fixunssfsi.o)
 .ARM.attributes
                0x0000000000000365       0x1d c:/st/stm32cubeide_1.6.0/stm32cubeide/plugins/com.st.stm32cube.ide.mcu.externaltools.gnu-tools-for-stm32.9-2020-q2-update.win32_1.5.0.202011040924/tools/bin/../lib/gcc/arm-none-eabi/9.3.1/thumb/v7-m/nofp\libgcc.a(_aeabi_uldivmod.o)
 .ARM.attributes
                0x0000000000000382       0x2d c:/st/stm32cubeide_1.6.0/stm32cubeide/plugins/com.st.stm32cube.ide.mcu.externaltools.gnu-tools-for-stm32.9-2020-q2-update.win32_1.5.0.202011040924/tools/bin/../lib/gcc/arm-none-eabi/9.3.1/thumb/v7-m/nofp\libgcc.a(_udivmoddi4.o)
 .ARM.attributes
                0x00000000000003af       0x1d c:/st/stm32cubeide_1.6.0/stm32cubeide/plugins/com.st.stm32cube.ide.mcu.externaltools.gnu-tools-for-stm32.9-2020-q2-update.win32_1.5.0.202011040924/tools/bin/../lib/gcc/arm-none-eabi/9.3.1/thumb/v7-m/nofp\libgcc.a(_dvmd_tls.o)
 .ARM.attributes
                0x00000000000003cc       0x1d c:/st/stm32cubeide_1.6.0/stm32cubeide/plugins/com.st.stm32cube.ide.mcu.externaltools.gnu-tools-for-stm32.9-2020-q2-update.win32_1.5.0.202011040924/tools/bin/../lib/gcc/arm-none-eabi/9.3.1/thumb/v7-m/nofp/crtn.o
OUTPUT(F207ZG_CAN_NMEA2000.elf elf32-littlearm)
LOAD linker stubs
LOAD c:/st/stm32cubeide_1.6.0/stm32cubeide/plugins/com.st.stm32cube.ide.mcu.externaltools.gnu-tools-for-stm32.9-2020-q2-update.win32_1.5.0.202011040924/tools/bin/../lib/gcc/arm-none-eabi/9.3.1/../../../../arm-none-eabi/lib/thumb/v7-m/nofp\libc.a
LOAD c:/st/stm32cubeide_1.6.0/stm32cubeide/plugins/com.st.stm32cube.ide.mcu.externaltools.gnu-tools-for-stm32.9-2020-q2-update.win32_1.5.0.202011040924/tools/bin/../lib/gcc/arm-none-eabi/9.3.1/../../../../arm-none-eabi/lib/thumb/v7-m/nofp\libm.a
LOAD c:/st/stm32cubeide_1.6.0/stm32cubeide/plugins/com.st.stm32cube.ide.mcu.externaltools.gnu-tools-for-stm32.9-2020-q2-update.win32_1.5.0.202011040924/tools/bin/../lib/gcc/arm-none-eabi/9.3.1/thumb/v7-m/nofp\libgcc.a

.debug_info     0x0000000000000000     0x8ca8
 .debug_info    0x0000000000000000      0xe4f Core/Src/can.o
 .debug_info    0x0000000000000e4f      0x54c Core/Src/gpio.o
 .debug_info    0x000000000000139b      0xe43 Core/Src/main.o
 .debug_info    0x00000000000021de      0x394 Core/Src/stm32f2xx_hal_msp.o
 .debug_info    0x0000000000002572      0x61a Core/Src/stm32f2xx_it.o
 .debug_info    0x0000000000002b8c      0x3e9 Core/Src/system_stm32f2xx.o
 .debug_info    0x0000000000002f75      0xa04 Core/Src/usart.o
 .debug_info    0x0000000000003979       0x22 Core/Startup/startup_stm32f207zgtx.o
 .debug_info    0x000000000000399b      0xa1b Drivers/STM32F2xx_HAL_Driver/Src/stm32f2xx_hal.o
 .debug_info    0x00000000000043b6     0x1089 Drivers/STM32F2xx_HAL_Driver/Src/stm32f2xx_hal_can.o
 .debug_info    0x000000000000543f      0xed7 Drivers/STM32F2xx_HAL_Driver/Src/stm32f2xx_hal_cortex.o
 .debug_info    0x0000000000006316      0x804 Drivers/STM32F2xx_HAL_Driver/Src/stm32f2xx_hal_gpio.o
 .debug_info    0x0000000000006b1a      0xb27 Drivers/STM32F2xx_HAL_Driver/Src/stm32f2xx_hal_rcc.o
 .debug_info    0x0000000000007641     0x1667 Drivers/STM32F2xx_HAL_Driver/Src/stm32f2xx_hal_uart.o

.debug_abbrev   0x0000000000000000     0x1a5b
 .debug_abbrev  0x0000000000000000      0x24b Core/Src/can.o
 .debug_abbrev  0x000000000000024b      0x14e Core/Src/gpio.o
 .debug_abbrev  0x0000000000000399      0x22f Core/Src/main.o
 .debug_abbrev  0x00000000000005c8      0x11d Core/Src/stm32f2xx_hal_msp.o
 .debug_abbrev  0x00000000000006e5      0x17f Core/Src/stm32f2xx_it.o
 .debug_abbrev  0x0000000000000864      0x145 Core/Src/system_stm32f2xx.o
 .debug_abbrev  0x00000000000009a9      0x1bb Core/Src/usart.o
 .debug_abbrev  0x0000000000000b64       0x12 Core/Startup/startup_stm32f207zgtx.o
 .debug_abbrev  0x0000000000000b76      0x25d Drivers/STM32F2xx_HAL_Driver/Src/stm32f2xx_hal.o
 .debug_abbrev  0x0000000000000dd3      0x246 Drivers/STM32F2xx_HAL_Driver/Src/stm32f2xx_hal_can.o
 .debug_abbrev  0x0000000000001019      0x33c Drivers/STM32F2xx_HAL_Driver/Src/stm32f2xx_hal_cortex.o
 .debug_abbrev  0x0000000000001355      0x1e8 Drivers/STM32F2xx_HAL_Driver/Src/stm32f2xx_hal_gpio.o
 .debug_abbrev  0x000000000000153d      0x293 Drivers/STM32F2xx_HAL_Driver/Src/stm32f2xx_hal_rcc.o
 .debug_abbrev  0x00000000000017d0      0x28b Drivers/STM32F2xx_HAL_Driver/Src/stm32f2xx_hal_uart.o

.debug_aranges  0x0000000000000000      0x7e0
 .debug_aranges
                0x0000000000000000       0x60 Core/Src/can.o
 .debug_aranges
                0x0000000000000060       0x20 Core/Src/gpio.o
 .debug_aranges
                0x0000000000000080       0x38 Core/Src/main.o
 .debug_aranges
                0x00000000000000b8       0x20 Core/Src/stm32f2xx_hal_msp.o
 .debug_aranges
                0x00000000000000d8       0x68 Core/Src/stm32f2xx_it.o
 .debug_aranges
                0x0000000000000140       0x28 Core/Src/system_stm32f2xx.o
 .debug_aranges
                0x0000000000000168       0x30 Core/Src/usart.o
 .debug_aranges
                0x0000000000000198       0x28 Core/Startup/startup_stm32f207zgtx.o
 .debug_aranges
                0x00000000000001c0       0xf0 Drivers/STM32F2xx_HAL_Driver/Src/stm32f2xx_hal.o
 .debug_aranges
                0x00000000000002b0      0x138 Drivers/STM32F2xx_HAL_Driver/Src/stm32f2xx_hal_can.o
 .debug_aranges
                0x00000000000003e8      0x118 Drivers/STM32F2xx_HAL_Driver/Src/stm32f2xx_hal_cortex.o
 .debug_aranges
                0x0000000000000500       0x58 Drivers/STM32F2xx_HAL_Driver/Src/stm32f2xx_hal_gpio.o
 .debug_aranges
                0x0000000000000558       0x88 Drivers/STM32F2xx_HAL_Driver/Src/stm32f2xx_hal_rcc.o
 .debug_aranges
                0x00000000000005e0      0x200 Drivers/STM32F2xx_HAL_Driver/Src/stm32f2xx_hal_uart.o

.debug_ranges   0x0000000000000000      0x738
 .debug_ranges  0x0000000000000000       0x50 Core/Src/can.o
 .debug_ranges  0x0000000000000050       0x10 Core/Src/gpio.o
 .debug_ranges  0x0000000000000060       0x28 Core/Src/main.o
 .debug_ranges  0x0000000000000088       0x10 Core/Src/stm32f2xx_hal_msp.o
 .debug_ranges  0x0000000000000098       0x58 Core/Src/stm32f2xx_it.o
 .debug_ranges  0x00000000000000f0       0x18 Core/Src/system_stm32f2xx.o
 .debug_ranges  0x0000000000000108       0x20 Core/Src/usart.o
 .debug_ranges  0x0000000000000128       0x20 Core/Startup/startup_stm32f207zgtx.o
 .debug_ranges  0x0000000000000148       0xe0 Drivers/STM32F2xx_HAL_Driver/Src/stm32f2xx_hal.o
 .debug_ranges  0x0000000000000228      0x128 Drivers/STM32F2xx_HAL_Driver/Src/stm32f2xx_hal_can.o
 .debug_ranges  0x0000000000000350      0x108 Drivers/STM32F2xx_HAL_Driver/Src/stm32f2xx_hal_cortex.o
 .debug_ranges  0x0000000000000458       0x48 Drivers/STM32F2xx_HAL_Driver/Src/stm32f2xx_hal_gpio.o
 .debug_ranges  0x00000000000004a0       0x78 Drivers/STM32F2xx_HAL_Driver/Src/stm32f2xx_hal_rcc.o
 .debug_ranges  0x0000000000000518      0x220 Drivers/STM32F2xx_HAL_Driver/Src/stm32f2xx_hal_uart.o

.debug_macro    0x0000000000000000    0x1ebbd
 .debug_macro   0x0000000000000000      0x1e2 Core/Src/can.o
 .debug_macro   0x00000000000001e2      0xa9c Core/Src/can.o
 .debug_macro   0x0000000000000c7e      0x23e Core/Src/can.o
 .debug_macro   0x0000000000000ebc       0x2e Core/Src/can.o
 .debug_macro   0x0000000000000eea       0x22 Core/Src/can.o
 .debug_macro   0x0000000000000f0c       0x22 Core/Src/can.o
 .debug_macro   0x0000000000000f2e       0x8e Core/Src/can.o
 .debug_macro   0x0000000000000fbc       0x51 Core/Src/can.o
 .debug_macro   0x000000000000100d      0x103 Core/Src/can.o
 .debug_macro   0x0000000000001110       0x6a Core/Src/can.o
 .debug_macro   0x000000000000117a      0x1df Core/Src/can.o
 .debug_macro   0x0000000000001359       0x1c Core/Src/can.o
 .debug_macro   0x0000000000001375       0x22 Core/Src/can.o
 .debug_macro   0x0000000000001397       0xc3 Core/Src/can.o
 .debug_macro   0x000000000000145a      0xe49 Core/Src/can.o
 .debug_macro   0x00000000000022a3      0x11f Core/Src/can.o
 .debug_macro   0x00000000000023c2    0x14fe1 Core/Src/can.o
 .debug_macro   0x00000000000173a3       0x43 Core/Src/can.o
 .debug_macro   0x00000000000173e6     0x358e Core/Src/can.o
 .debug_macro   0x000000000001a974      0x174 Core/Src/can.o
 .debug_macro   0x000000000001aae8       0x55 Core/Src/can.o
 .debug_macro   0x000000000001ab3d     0x1057 Core/Src/can.o
 .debug_macro   0x000000000001bb94      0x153 Core/Src/can.o
 .debug_macro   0x000000000001bce7      0x170 Core/Src/can.o
 .debug_macro   0x000000000001be57      0x116 Core/Src/can.o
 .debug_macro   0x000000000001bf6d      0x108 Core/Src/can.o
 .debug_macro   0x000000000001c075       0xa5 Core/Src/can.o
 .debug_macro   0x000000000001c11a      0x16a Core/Src/can.o
 .debug_macro   0x000000000001c284      0x287 Core/Src/can.o
 .debug_macro   0x000000000001c50b       0x5f Core/Src/can.o
 .debug_macro   0x000000000001c56a      0x236 Core/Src/can.o
 .debug_macro   0x000000000001c7a0      0x40f Core/Src/can.o
 .debug_macro   0x000000000001cbaf      0x126 Core/Src/can.o
 .debug_macro   0x000000000001ccd5      0x216 Core/Src/can.o
 .debug_macro   0x000000000001ceeb       0x2e Core/Src/can.o
 .debug_macro   0x000000000001cf19      0x113 Core/Src/can.o
 .debug_macro   0x000000000001d02c       0x22 Core/Src/can.o
 .debug_macro   0x000000000001d04e       0x82 Core/Src/can.o
 .debug_macro   0x000000000001d0d0      0x295 Core/Src/can.o
 .debug_macro   0x000000000001d365      0x12d Core/Src/can.o
 .debug_macro   0x000000000001d492      0x13c Core/Src/can.o
 .debug_macro   0x000000000001d5ce      0x1d6 Core/Src/gpio.o
 .debug_macro   0x000000000001d7a4      0x1ee Core/Src/main.o
 .debug_macro   0x000000000001d992      0x1cc Core/Src/stm32f2xx_hal_msp.o
 .debug_macro   0x000000000001db5e      0x1d6 Core/Src/stm32f2xx_it.o
 .debug_macro   0x000000000001dd34      0x1bd Core/Src/system_stm32f2xx.o
 .debug_macro   0x000000000001def1      0x1d6 Core/Src/usart.o
 .debug_macro   0x000000000001e0c7      0x20b Drivers/STM32F2xx_HAL_Driver/Src/stm32f2xx_hal.o
 .debug_macro   0x000000000001e2d2      0x1c5 Drivers/STM32F2xx_HAL_Driver/Src/stm32f2xx_hal_can.o
 .debug_macro   0x000000000001e497      0x1bd Drivers/STM32F2xx_HAL_Driver/Src/stm32f2xx_hal_cortex.o
 .debug_macro   0x000000000001e654      0x1c4 Drivers/STM32F2xx_HAL_Driver/Src/stm32f2xx_hal_gpio.o
 .debug_macro   0x000000000001e818      0x1e7 Drivers/STM32F2xx_HAL_Driver/Src/stm32f2xx_hal_rcc.o
 .debug_macro   0x000000000001e9ff      0x1be Drivers/STM32F2xx_HAL_Driver/Src/stm32f2xx_hal_uart.o

.debug_line     0x0000000000000000     0x8cf0
 .debug_line    0x0000000000000000      0x7ec Core/Src/can.o
 .debug_line    0x00000000000007ec      0x719 Core/Src/gpio.o
 .debug_line    0x0000000000000f05      0x782 Core/Src/main.o
 .debug_line    0x0000000000001687      0x68c Core/Src/stm32f2xx_hal_msp.o
 .debug_line    0x0000000000001d13      0x766 Core/Src/stm32f2xx_it.o
 .debug_line    0x0000000000002479      0x708 Core/Src/system_stm32f2xx.o
 .debug_line    0x0000000000002b81      0x6f5 Core/Src/usart.o
 .debug_line    0x0000000000003276       0x88 Core/Startup/startup_stm32f207zgtx.o
 .debug_line    0x00000000000032fe      0x99f Drivers/STM32F2xx_HAL_Driver/Src/stm32f2xx_hal.o
 .debug_line    0x0000000000003c9d     0x10dd Drivers/STM32F2xx_HAL_Driver/Src/stm32f2xx_hal_can.o
 .debug_line    0x0000000000004d7a      0xc22 Drivers/STM32F2xx_HAL_Driver/Src/stm32f2xx_hal_cortex.o
 .debug_line    0x000000000000599c      0xaef Drivers/STM32F2xx_HAL_Driver/Src/stm32f2xx_hal_gpio.o
 .debug_line    0x000000000000648b      0xe27 Drivers/STM32F2xx_HAL_Driver/Src/stm32f2xx_hal_rcc.o
 .debug_line    0x00000000000072b2     0x1a3e Drivers/STM32F2xx_HAL_Driver/Src/stm32f2xx_hal_uart.o

.debug_str      0x0000000000000000    0xb905a
 .debug_str     0x0000000000000000    0xb71bb Core/Src/can.o
                                      0xb74d7 (size before relaxing)
 .debug_str     0x00000000000b71bb       0x48 Core/Src/gpio.o
                                      0xb6b07 (size before relaxing)
 .debug_str     0x00000000000b7203      0x564 Core/Src/main.o
                                      0xb7284 (size before relaxing)
 .debug_str     0x00000000000b7767       0x2c Core/Src/stm32f2xx_hal_msp.o
                                      0xb6a6a (size before relaxing)
 .debug_str     0x00000000000b7793       0xd1 Core/Src/stm32f2xx_it.o
                                      0xb6cac (size before relaxing)
 .debug_str     0x00000000000b7864       0x5b Core/Src/system_stm32f2xx.o
                                      0xb65a0 (size before relaxing)
 .debug_str     0x00000000000b78bf       0x57 Core/Src/usart.o
                                      0xb6f6c (size before relaxing)
 .debug_str     0x00000000000b7916       0x36 Core/Startup/startup_stm32f207zgtx.o
                                         0x7d (size before relaxing)
 .debug_str     0x00000000000b794c      0x4e3 Drivers/STM32F2xx_HAL_Driver/Src/stm32f2xx_hal.o
                                      0xb7038 (size before relaxing)
 .debug_str     0x00000000000b7e2f      0x45b Drivers/STM32F2xx_HAL_Driver/Src/stm32f2xx_hal_can.o
                                      0xb6d00 (size before relaxing)
 .debug_str     0x00000000000b828a      0x3ed Drivers/STM32F2xx_HAL_Driver/Src/stm32f2xx_hal_cortex.o
                                      0xb6ecb (size before relaxing)
 .debug_str     0x00000000000b8677      0x15d Drivers/STM32F2xx_HAL_Driver/Src/stm32f2xx_hal_gpio.o
                                      0xb678a (size before relaxing)
 .debug_str     0x00000000000b87d4      0x282 Drivers/STM32F2xx_HAL_Driver/Src/stm32f2xx_hal_rcc.o
                                      0xb6a20 (size before relaxing)
 .debug_str     0x00000000000b8a56      0x604 Drivers/STM32F2xx_HAL_Driver/Src/stm32f2xx_hal_uart.o
                                      0xb6f44 (size before relaxing)

.comment        0x0000000000000000       0x53
 .comment       0x0000000000000000       0x53 Core/Src/can.o
                                         0x54 (size before relaxing)
 .comment       0x0000000000000053       0x54 Core/Src/gpio.o
 .comment       0x0000000000000053       0x54 Core/Src/main.o
 .comment       0x0000000000000053       0x54 Core/Src/stm32f2xx_hal_msp.o
 .comment       0x0000000000000053       0x54 Core/Src/stm32f2xx_it.o
 .comment       0x0000000000000053       0x54 Core/Src/system_stm32f2xx.o
 .comment       0x0000000000000053       0x54 Core/Src/usart.o
 .comment       0x0000000000000053       0x54 Drivers/STM32F2xx_HAL_Driver/Src/stm32f2xx_hal.o
 .comment       0x0000000000000053       0x54 Drivers/STM32F2xx_HAL_Driver/Src/stm32f2xx_hal_can.o
 .comment       0x0000000000000053       0x54 Drivers/STM32F2xx_HAL_Driver/Src/stm32f2xx_hal_cortex.o
 .comment       0x0000000000000053       0x54 Drivers/STM32F2xx_HAL_Driver/Src/stm32f2xx_hal_gpio.o
 .comment       0x0000000000000053       0x54 Drivers/STM32F2xx_HAL_Driver/Src/stm32f2xx_hal_rcc.o
 .comment       0x0000000000000053       0x54 Drivers/STM32F2xx_HAL_Driver/Src/stm32f2xx_hal_uart.o

.debug_frame    0x0000000000000000     0x1f94
 .debug_frame   0x0000000000000000      0x138 Core/Src/can.o
 .debug_frame   0x0000000000000138       0x38 Core/Src/gpio.o
 .debug_frame   0x0000000000000170       0x8c Core/Src/main.o
 .debug_frame   0x00000000000001fc       0x38 Core/Src/stm32f2xx_hal_msp.o
 .debug_frame   0x0000000000000234      0x120 Core/Src/stm32f2xx_it.o
 .debug_frame   0x0000000000000354       0x58 Core/Src/system_stm32f2xx.o
 .debug_frame   0x00000000000003ac       0x74 Core/Src/usart.o
 .debug_frame   0x0000000000000420      0x384 Drivers/STM32F2xx_HAL_Driver/Src/stm32f2xx_hal.o
 .debug_frame   0x00000000000007a4      0x5a0 Drivers/STM32F2xx_HAL_Driver/Src/stm32f2xx_hal_can.o
 .debug_frame   0x0000000000000d44      0x498 Drivers/STM32F2xx_HAL_Driver/Src/stm32f2xx_hal_cortex.o
 .debug_frame   0x00000000000011dc      0x14c Drivers/STM32F2xx_HAL_Driver/Src/stm32f2xx_hal_gpio.o
 .debug_frame   0x0000000000001328      0x204 Drivers/STM32F2xx_HAL_Driver/Src/stm32f2xx_hal_rcc.o
 .debug_frame   0x000000000000152c      0x914 Drivers/STM32F2xx_HAL_Driver/Src/stm32f2xx_hal_uart.o
 .debug_frame   0x0000000000001e40       0x2c c:/st/stm32cubeide_1.6.0/stm32cubeide/plugins/com.st.stm32cube.ide.mcu.externaltools.gnu-tools-for-stm32.9-2020-q2-update.win32_1.5.0.202011040924/tools/bin/../lib/gcc/arm-none-eabi/9.3.1/../../../../arm-none-eabi/lib/thumb/v7-m/nofp\libc_nano.a(lib_a-init.o)
 .debug_frame   0x0000000000001e6c       0x20 c:/st/stm32cubeide_1.6.0/stm32cubeide/plugins/com.st.stm32cube.ide.mcu.externaltools.gnu-tools-for-stm32.9-2020-q2-update.win32_1.5.0.202011040924/tools/bin/../lib/gcc/arm-none-eabi/9.3.1/../../../../arm-none-eabi/lib/thumb/v7-m/nofp\libc_nano.a(lib_a-memset.o)
 .debug_frame   0x0000000000001e8c       0x4c c:/st/stm32cubeide_1.6.0/stm32cubeide/plugins/com.st.stm32cube.ide.mcu.externaltools.gnu-tools-for-stm32.9-2020-q2-update.win32_1.5.0.202011040924/tools/bin/../lib/gcc/arm-none-eabi/9.3.1/thumb/v7-m/nofp\libgcc.a(_arm_addsubsf3.o)
 .debug_frame   0x0000000000001ed8       0x38 c:/st/stm32cubeide_1.6.0/stm32cubeide/plugins/com.st.stm32cube.ide.mcu.externaltools.gnu-tools-for-stm32.9-2020-q2-update.win32_1.5.0.202011040924/tools/bin/../lib/gcc/arm-none-eabi/9.3.1/thumb/v7-m/nofp\libgcc.a(_arm_muldivsf3.o)
 .debug_frame   0x0000000000001f10       0x24 c:/st/stm32cubeide_1.6.0/stm32cubeide/plugins/com.st.stm32cube.ide.mcu.externaltools.gnu-tools-for-stm32.9-2020-q2-update.win32_1.5.0.202011040924/tools/bin/../lib/gcc/arm-none-eabi/9.3.1/thumb/v7-m/nofp\libgcc.a(_arm_fixunssfsi.o)
 .debug_frame   0x0000000000001f34       0x2c c:/st/stm32cubeide_1.6.0/stm32cubeide/plugins/com.st.stm32cube.ide.mcu.externaltools.gnu-tools-for-stm32.9-2020-q2-update.win32_1.5.0.202011040924/tools/bin/../lib/gcc/arm-none-eabi/9.3.1/thumb/v7-m/nofp\libgcc.a(_aeabi_uldivmod.o)
 .debug_frame   0x0000000000001f60       0x34 c:/st/stm32cubeide_1.6.0/stm32cubeide/plugins/com.st.stm32cube.ide.mcu.externaltools.gnu-tools-for-stm32.9-2020-q2-update.win32_1.5.0.202011040924/tools/bin/../lib/gcc/arm-none-eabi/9.3.1/thumb/v7-m/nofp\libgcc.a(_udivmoddi4.o)
